---
source: kcl-lib/src/simulation_tests.rs
description: Operations executed import_mesh_clone.kcl
---
[
  {
    "type": "GroupBegin",
    "group": {
      "type": "ModuleInstance",
      "name": "yellow",
      "moduleId": 0
    },
    "sourceRange": []
  },
  {
    "type": "GroupBegin",
    "group": {
      "type": "ModuleInstance",
      "name": "yellow",
      "moduleId": 0
    },
    "sourceRange": []
  },
  {
    "labeledArgs": {
      "geometry": {
        "value": {
          "type": "ImportedGeometry",
          "artifact_id": "[uuid]"
        },
        "sourceRange": []
      }
    },
    "name": "clone",
    "sourceRange": [],
    "type": "StdLibCall",
    "unlabeledArg": null
  },
  {
    "type": "GroupBegin",
    "group": {
      "type": "ModuleInstance",
      "name": "yellow",
      "moduleId": 0
    },
    "sourceRange": []
  },
  {
    "labeledArgs": {
      "geometry": {
        "value": {
          "type": "ImportedGeometry",
          "artifact_id": "[uuid]"
        },
        "sourceRange": []
      }
    },
    "name": "clone",
    "sourceRange": [],
    "type": "StdLibCall",
    "unlabeledArg": null
  },
  {
    "type": "GroupBegin",
    "group": {
      "type": "ModuleInstance",
      "name": "yellow",
      "moduleId": 0
    },
    "sourceRange": []
  },
  {
    "labeledArgs": {
      "geometry": {
        "value": {
          "type": "ImportedGeometry",
          "artifact_id": "[uuid]"
        },
        "sourceRange": []
      }
    },
    "name": "clone",
    "sourceRange": [],
    "type": "StdLibCall",
    "unlabeledArg": null
  },
  {
    "type": "GroupEnd"
  },
  {
    "type": "GroupEnd"
  },
  {
    "type": "GroupEnd"
  },
  {
    "type": "GroupEnd"
  }
]
